Scope: all 8 workspace projects
✓ Lockfile passes supply-chain policies (verified 3h ago)
Lockfile is up to date, resolution step is skipped
Packages are hard linked from the content-addressable store to the virtual store.
  Content-addressable store is at: /root/.local/share/pnpm/store/v11
  Virtual store is at:             node_modules/.pnpm
Packages: +350
++++++++++++++++++++++++++++++++++++++++++++++++++++++++++++++++++++++++++++++++
Progress: resolved 350, reused 350, downloaded 0, added 350, done
.../esbuild@0.18.20/node_modules/esbuild postinstall$ node install.js
.../node_modules/protobufjs postinstall$ node scripts/postinstall
.../node_modules/@swc/core postinstall$ node postinstall.js
.../esbuild@0.28.2/node_modules/esbuild postinstall$ node install.js
.../esbuild@0.18.20/node_modules/esbuild postinstall: Done
.../esbuild@0.25.12/node_modules/esbuild postinstall$ node install.js
.../esbuild@0.28.2/node_modules/esbuild postinstall: Done
.../node_modules/@swc/core postinstall: Done
.../node_modules/protobufjs postinstall: Done
.../esbuild@0.25.12/node_modules/esbuild postinstall: Done

devDependencies:
+ @eslint/js 10.0.1
+ @playwright/test 1.63.0
+ @types/node 24.13.4
+ @types/pg 8.23.1
+ @types/react 19.3.0
+ @types/react-dom 19.3.0
+ eslint 10.10.0
+ openapi-typescript 7.13.0
+ tsx 4.23.13
+ typescript 5.9.3
+ typescript-eslint 8.70.0

Done in 328ms using pnpm v12.4.2
